2026-10-03 11:08:59 0 [Note] Using unique option prefix 'key_buffer' is error-prone and can break in the future. Please use the full name 'key_buffer_size' instead.
2026-10-03 11:08:59 0 [Note] Starting MariaDB 10.4.32-MariaDB source revision c4143f909528e3fab0677a28631d10389354c491 as process 5676
2026-10-03 11:08:59 0 [Note] InnoDB: Mutexes and rw_locks use Windows interlocked functions
2026-10-03 11:08:59 0 [Note] InnoDB: Uses event mutexes
2026-10-03 11:08:59 0 [Note] InnoDB: Compressed tables use zlib 1.3
2026-10-03 11:08:59 0 [Note] InnoDB: Number of pools: 1
2026-10-03 11:08:59 0 [Note] InnoDB: Using SSE2 crc32 instructions
2026-10-03 11:08:59 0 [Note] InnoDB: Initializing buffer pool, total size = 16M, instances = 1, chunk size = 16M
2026-10-03 11:08:59 0 [Note] InnoDB: Completed initialization of buffer pool
2026-10-03 11:08:59 0 [ERROR] InnoDB: Page [page id: space=0, page number=3] log sequence number 468396932 is in the future! Current system log sequence number 20484194.
2026-10-03 11:08:59 0 [ERROR] InnoDB: Your database may be corrupt or you may have copied the InnoDB tablespace but not the InnoDB log files. Please refer to https://mariadb.com/kb/en/library/innodb-recovery-modes/ for information about forcing recovery.
2026-10-03 11:08:59 0 [ERROR] InnoDB: Page [page id: space=0, page number=507] log sequence number 181215256 is in the future! Current system log sequence number 20484194.
2026-10-03 11:08:59 0 [ERROR] InnoDB: Your database may be corrupt or you may have copied the InnoDB tablespace but not the InnoDB log files. Please refer to https://mariadb.com/kb/en/library/innodb-recovery-modes/ for information about forcing recovery.
2026-10-03 11:08:59 0 [ERROR] InnoDB: Page [page id: space=0, page number=404] log sequence number 181215178 is in the future! Current system log sequence number 20484194.
2026-10-03 11:08:59 0 [ERROR] InnoDB: Your database may be corrupt or you may have copied the InnoDB tablespace but not the InnoDB log files. Please refer to https://mariadb.com/kb/en/library/innodb-recovery-modes/ for information about forcing recovery.
2026-10-03 11:08:59 0 [ERROR] InnoDB: Page [page id: space=0, page number=438] log sequence number 41462146 is in the future! Current system log sequence number 20484194.
2026-10-03 11:08:59 0 [ERROR] InnoDB: Your database may be corrupt or you may have copied the InnoDB tablespace but not the InnoDB log files. Please refer to https://mariadb.com/kb/en/library/innodb-recovery-modes/ for information about forcing recovery.
2026-10-03 11:08:59 0 [ERROR] InnoDB: Page [page id: space=0, page number=460] log sequence number 446550576 is in the future! Current system log sequence number 20484194.
2026-10-03 11:08:59 0 [ERROR] InnoDB: Your database may be corrupt or you may have copied the InnoDB tablespace but not the InnoDB log files. Please refer to https://mariadb.com/kb/en/library/innodb-recovery-modes/ for information about forcing recovery.
2026-10-03 11:08:59 0 [ERROR] InnoDB: Page [page id: space=0, page number=508] log sequence number 429017289 is in the future! Current system log sequence number 20484194.
2026-10-03 11:08:59 0 [ERROR] InnoDB: Your database may be corrupt or you may have copied the InnoDB tablespace but not the InnoDB log files. Please refer to https://mariadb.com/kb/en/library/innodb-recovery-modes/ for information about forcing recovery.
2026-10-03 11:08:59 0 [ERROR] InnoDB: Page [page id: space=0, page number=509] log sequence number 429017289 is in the future! Current system log sequence number 20484194.
2026-10-03 11:08:59 0 [ERROR] InnoDB: Your database may be corrupt or you may have copied the InnoDB tablespace but not the InnoDB log files. Please refer to https://mariadb.com/kb/en/library/innodb-recovery-modes/ for information about forcing recovery.
2026-10-03 11:08:59 0 [ERROR] InnoDB: Page [page id: space=0, page number=340] log sequence number 467780960 is in the future! Current system log sequence number 20484194.
2026-10-03 11:08:59 0 [ERROR] InnoDB: Your database may be corrupt or you may have copied the InnoDB tablespace but not the InnoDB log files. Please refer to https://mariadb.com/kb/en/library/innodb-recovery-modes/ for information about forcing recovery.
2026-10-03 11:08:59 0 [ERROR] InnoDB: Page [page id: space=0, page number=359] log sequence number 595234432 is in the future! Current system log sequence number 20484194.
2026-10-03 11:08:59 0 [ERROR] InnoDB: Your database may be corrupt or you may have copied the InnoDB tablespace but not the InnoDB log files. Please refer to https://mariadb.com/kb/en/library/innodb-recovery-modes/ for information about forcing recovery.
2026-10-03 11:08:59 0 [Note] InnoDB: 128 out of 128 rollback segments are active.
2026-10-03 11:08:59 0 [Note] InnoDB: Creating shared tablespace for temporary tables
2026-10-03 11:08:59 0 [Note] InnoDB: Setting file '\xampp\mysql\data\ibtmp1' size to 12 MB. Physically writing the file full; Please wait ...
2026-10-03 11:08:59 0 [Note] InnoDB: File '\xampp\mysql\data\ibtmp1' size is now 12 MB.
2026-10-03 11:08:59 0 [Note] InnoDB: 10.4.32 started; log sequence number 20484185; transaction id 470495
2026-10-03 11:08:59 0 [Note] InnoDB: Loading buffer pool(s) from C:\xampp\mysql\data\ib_buffer_pool
2026-10-03 11:08:59 0 [Note] Plugin 'FEEDBACK' is disabled.
2026-10-03 11:08:59 0 [Note] Server socket created on IP: '::'.
2026-10-03 11:08:59 0 [ERROR] InnoDB: Database page corruption on disk or a failed file read of tablespace mysql/transaction_registry page [page id: space=3, page number=0]. You may have to recover from a backup.
2026-10-03 11:08:59 0 [Note] InnoDB: Page dump (16384 bytes):
2026-10-03 11:08:59 0 [Note] InnoDB: ecefa36b00000000000000000000000000000000000203bc0008000000000000
2026-10-03 11:08:59 0 [Note] InnoDB: 0000000000030000000300000000000000090000004000000021000000070000
2026-10-03 11:08:59 0 [Note] InnoDB: 0000ffffffff0000ffffffff00000000000100000000009e00000000009e0000
2026-10-03 11:08:59 0 [Note] InnoDB: 0000ffffffff0000ffffffff0000000000000000000900000000ffffffff0000
2026-10-03 11:08:59 0 [Note] InnoDB: ffffffff0000000000010000000200260000000200260000000000000000ffff
2026-10-03 11:08:59 0 [Note] InnoDB: ffff0000ffffffff000000000002aaeaffffffffffffffffffffffffffff0000
2026-10-03 11:08:59 0 [Note] InnoDB: 0000000000000000000000000000000000000000000000000000000000000000
2026-10-03 11:08:59 0 [Note] InnoDB: 0000000000000000000000000000000000000000000000000000000000000000
2026-10-03 11:08:59 0 [Note] InnoDB: 0000000000000000000000000000000000000000000000000000000000000000
2026-10-03 11:08:59 0 [Note] InnoDB: 0000000000000000000000000000000000000000000000000000000000000000
2026-10-03 11:08:59 0 [Note] InnoDB: 0000000000000000000000000000000000000000000000000000000000000000
2026-10-03 11:08:59 0 [Note] InnoDB: 0000000000000000000000000000000000000000000000000000000000000000
2026-10-03 11:08:59 0 [Note] InnoDB: 0000000000000000000000000000000000000000000000000000000000000000
2026-10-03 11:08:59 0 [Note] InnoDB: 0000000000000000000000000000000000000000000000000000000000000000
2026-10-03 11:08:59 0 [Note] InnoDB: 0000000000000000000000000000000000000000000000000000000000000000
2026-10-03 11:08:59 0 [Note] InnoDB: 0000000000000000000000000000000000000000000000000000000000000000
2026-10-03 11:08:59 0 [Note] InnoDB: 00000000000004f0000000000138902c0000000000968c2c0000000000800000
2026-10-03 11:08:59 0 [Note] InnoDB: 0000000000000000000000000000000000000000000000000000000000000000
2026-10-03 11:08:59 0 [Note] InnoDB: 0000000000000000000000000000000000000000000000000000000000000000
2026-10-03 11:08:59 0 [Note] InnoDB: 0000000000000000000000000000000000000000000000000000000000000000
2026-10-03 11:08:59 0 [Note] InnoDB: 0000000000000000000000000000000000000000000000000000000000000000
2026-10-03 11:08:59 0 [Note] InnoDB: 0000000000000000000000000000000000000000000000000000000000000000
2026-10-03 11:08:59 0 [Note] InnoDB: 0000000000000000000000000000000000000000000000000000000000000000
2026-10-03 11:08:59 0 [Note] InnoDB: 0000000000000000000000000000000000000000000000000000000000000000
2026-10-03 11:08:59 0 [Note] InnoDB: 0000000000000000000000000000000000000000000000000000000000000000
2026-10-03 11:08:59 0 [Note] InnoDB: 0000000000000000000000000000000000000000000000000000000000000000
2026-10-03 11:08:59 0 [Note] InnoDB: 0000000000000000000000000000000000000000000000000000000000000000
2026-10-03 11:08:59 0 [Note] InnoDB: 0000000000000000000000000000000000000000000000000000000000000000
2026-10-03 11:08:59 0 [Note] InnoDB: 0000000000000000000000000000000000000000000000000000000000000000
2026-10-03 11:08:59 0 [Note] InnoDB: 0000000000000000000000000000000000000000000000000000000000000000
2026-10-03 11:08:59 0 [Note] InnoDB: 0000000000000000000000000000000000000000000000000000000000000000
2026-10-03 11:08:59 0 [Note] InnoDB: 00000000000000000000000000000000000000000138902c00000000d71730d2
2026-10-03 11:08:59 0 [Note] InnoDB: 0000000000000000000000000000000000000000000000000000000000000000
2026-10-03 11:08:59 0 [Note] InnoDB: 0000000000000000000000000000000000000000000000000000000000000000
2026-10-03 11:08:59 0 [Note] InnoDB: 0000000000000000000000000000000000000000000000000000000000000000
2026-10-03 11:08:59 0 [Note] InnoDB: 0000000000000000000000000000000000000000000000000000000000000000
2026-10-03 11:08:59 0 [Note] InnoDB: 0000000000000000000000000000000000000000000000000000000000000000
2026-10-03 11:08:59 0 [Note] InnoDB: 0000000000000000000000000000000000000000000000000000000000000000
2026-10-03 11:08:59 0 [Note] InnoDB: 0000000000000000000000000000000000000000000000000000000000000000
2026-10-03 11:08:59 0 [Note] InnoDB: 0000000000000000000000000000000000000000000000000000000000000000
2026-10-03 11:08:59 0 [Note] InnoDB: 0000000000000000000000000000000000000000000000000000000000000000
2026-10-03 11:08:59 0 [Note] InnoDB: 0000000000000000000000000000000000000000000000000000000000000000
2026-10-03 11:08:59 0 [Note] InnoDB: 0000000000000000000000000000000000000000000000000000000000000000
2026-10-03 11:08:59 0 [Note] InnoDB: 0000000000000000000000000000000000000000000000000000000000000000
2026-10-03 11:08:59 0 [Note] Reading of all Master_info entries succeeded
2026-10-03 11:08:59 0 [Note] InnoDB: 0000000000000000000000000000000000000000000000000000000000000000
2026-10-03 11:08:59 0 [Note] Added new Master_info '' to hash table
2026-10-03 11:08:59 0 [Note] InnoDB: 0000000000000000000000000000000000000000000000000000000000000000
2026-10-03 11:08:59 0 [Note] C:\xampp\mysql\bin\mysqld.exe: ready for connections.
Version: '10.4.32-MariaDB'  socket: ''  port: 3306  mariadb.org binary distribution
2026-10-03 11:08:59 0 [Note] InnoDB: 0000000000000000000000000000000000000000000000000000000000000000
2026-10-03 11:08:59 0 [Note] InnoDB: 0000000000000000000000000000000000000000000000000000000000000000
2026-10-03 11:08:59 0 [Note] InnoDB: 0000000000000000000000000000000000000000000000000000000000000000
2026-10-03 11:08:59 0 [Note] InnoDB: 0000000000000000000000000000000000000000000000000000000000000000
2026-10-03 11:08:59 0 [Note] InnoDB: 0000000000000000000000000000000000000000000000000000000000000000
2026-10-03 11:08:59 0 [Note] InnoDB: 0000000000000000000000000000000000000000000000000000000000000000
2026-10-03 11:08:59 0 [Note] InnoDB: 0000000000000000000000000000000000000000000000000000000000000000
2026-10-03 11:08:59 0 [Note] InnoDB: 0000000000000000000000000000000000000000000000000000000000000000
2026-10-03 11:08:59 0 [Note] InnoDB: 0000000000000000000000000000000000000000000000000000000000000000
2026-10-03 11:08:59 0 [Note] InnoDB: 0000000000000000000000000000000000000000000000000000000000000000
2026-10-03 11:08:59 0 [Note] InnoDB: 0000000000000000000000000000000000000000000000000000000000000000
2026-10-03 11:08:59 0 [Note] InnoDB: 0000000000000000000000000000000000000000000000000000000000000000
2026-10-03 11:08:59 0 [Note] InnoDB: 0000000000000000000000000000000000000000000000000000000000000000
2026-10-03 11:08:59 0 [Note] InnoDB: 0000000000000000000000000000000000000000000000000000000000000000
2026-10-03 11:08:59 0 [Note] InnoDB: 0000000000000000000000000000000000000000000000000000000000000000
2026-10-03 11:08:59 0 [Note] InnoDB: 0000000000000000000000000000000000000000000000000000000000000000
2026-10-03 11:08:59 0 [Note] InnoDB: 0000000000000000000000000000000000000000000000000000000000000000
2026-10-03 11:08:59 0 [Note] InnoDB: 0000000000000000000000000000000000000000000000000000000000000000
2026-10-03 11:08:59 0 [Note] InnoDB: 0000000000000000000000000000000000000000000000000000000000000000
2026-10-03 11:08:59 0 [Note] InnoDB: 0000000000000000000000000000000000000000000000000000000000000000
2026-10-03 11:08:59 0 [Note] InnoDB: 0000000000000000000000000000000000000000000000000000000000000000
2026-10-03 11:08:59 0 [Note] InnoDB: 0000000000000000000000000000000000000000000000000000000000000000
2026-10-03 11:08:59 0 [Note] InnoDB: 0000000000000000000000000000000000000000000000000000000000000000
2026-10-03 11:08:59 0 [Note] InnoDB: 0000000000000000000000000000000000000000000000000000000000000000
2026-10-03 11:08:59 0 [Note] InnoDB: 0000000000000000000000000000000000000000000000000000000000000000
2026-10-03 11:08:59 0 [Note] InnoDB: 0000000000000000000000000000000000000000000000000000000000000000
2026-10-03 11:08:59 0 [Note] InnoDB: 0000000000000000000000000000000000000000000000000000000000000000
2026-10-03 11:08:59 0 [Note] InnoDB: 0000000000000000000000000000000000000000000000000000000000000000
2026-10-03 11:08:59 0 [Note] InnoDB: 0000000000000000000000000000000000000000000000000000000000000000
2026-10-03 11:08:59 0 [Note] InnoDB: 0000000000000000000000000000000000000000000000000000000000000000
2026-10-03 11:08:59 0 [Note] InnoDB: 0000000000000000000000000000000000000000000000000000000000000000
2026-10-03 11:08:59 0 [Note] InnoDB: 0000000000000000000000000000000000000000000000000000000000000000
2026-10-03 11:08:59 0 [Note] InnoDB: 0000000000000000000000000000000000000000000000000000000000000000
2026-10-03 11:08:59 0 [Note] InnoDB: 0000000000000000000000000000000000000000000000000000000000000000
2026-10-03 11:08:59 0 [Note] InnoDB: 0000000000000000000000000000000000000000000000000000000000000000
2026-10-03 11:08:59 0 [Note] InnoDB: 0000000000000000000000000000000000000000000000000000000000000000
2026-10-03 11:08:59 0 [Note] InnoDB: 0000000000000000000000000000000000000000000000000000000000000000
2026-10-03 11:08:59 0 [Note] InnoDB: 0000000000000000000000000000000000000000000000000000000000000000
2026-10-03 11:08:59 0 [Note] InnoDB: 0000000000000000000000000000000000000000000000000000000000000000
2026-10-03 11:08:59 0 [Note] InnoDB: 0000000000000000000000000000000000000000000000000000000000000000
2026-10-03 11:08:59 0 [Note] InnoDB: 0000000000000000000000000000000000000000000000000000000000000000
2026-10-03 11:08:59 0 [Note] InnoDB: 0000000000000000000000000000000000000000000000000000000000000000
2026-10-03 11:08:59 0 [Note] InnoDB: 0000000000000000000000000000000000000000000000000000000000000000
2026-10-03 11:08:59 0 [Note] InnoDB: 0000000000000000000000000000000000000000000000000000000000000000
2026-10-03 11:08:59 0 [Note] InnoDB: 0000000000000000000000000000000000000000000000000000000000000000
2026-10-03 11:08:59 0 [Note] InnoDB: 0000000000000000000000000000000000000000000000000000000000000000
2026-10-03 11:08:59 0 [Note] InnoDB: 0000000000000000000000000000000000000000000000000000000000000000
2026-10-03 11:08:59 0 [Note] InnoDB: 0000000000000000000000000000000000000000000000000000000000000000
2026-10-03 11:08:59 0 [Note] InnoDB: 0000000000000000000000000000000000000000000000000000000000000000
2026-10-03 11:08:59 0 [Note] InnoDB: 0000000000000000000000000000000000000000000000000000000000000000
2026-10-03 11:08:59 0 [Note] InnoDB: 0000000000000000000000000000000000000000000000000000000000000000
2026-10-03 11:08:59 0 [Note] InnoDB: 0000000000000000000000000000000000000000000000000000000000000000
2026-10-03 11:08:59 0 [Note] InnoDB: 0000000000000000000000000000000000000000000000000000000000000000
2026-10-03 11:08:59 0 [Note] InnoDB: 0000000000000000000000000000000000000000000000000000000000000000
2026-10-03 11:08:59 0 [Note] InnoDB: 0000000000000000000000000000000000000000000000000000000000000000
2026-10-03 11:08:59 0 [Note] InnoDB: 0000000000000000000000000000000000000000000000000000000000000000
2026-10-03 11:08:59 0 [Note] InnoDB: 0000000000000000000000000000000000000000000000000000000000000000
2026-10-03 11:08:59 0 [Note] InnoDB: 0000000000000000000000000000000000000000000000000000000000000000
2026-10-03 11:08:59 0 [Note] InnoDB: 0000000000000000000000000000000000000000000000000000000000000000
2026-10-03 11:08:59 0 [Note] InnoDB: 0000000000000000000000000000000000000000000000000000000000000000
2026-10-03 11:08:59 0 [Note] InnoDB: 0000000000000000000000000000000000000000000000000000000000000000
2026-10-03 11:08:59 0 [Note] InnoDB: 0000000000000000000000000000000000000000000000000000000000000000
2026-10-03 11:08:59 0 [Note] InnoDB: 0000000000000000000000000000000000000000000000000000000000000000
2026-10-03 11:08:59 0 [Note] InnoDB: 0000000000000000000000000000000000000000000000000000000000000000
2026-10-03 11:08:59 0 [Note] InnoDB: 0000000000000000000000000000000000000000000000000000000000000000
2026-10-03 11:08:59 0 [Note] InnoDB: 0000000000000000000000000000000000000000000000000000000000000000
2026-10-03 11:08:59 0 [Note] InnoDB: 0000000000000000000000000000000000000000000000000000000000000000
2026-10-03 11:08:59 0 [Note] InnoDB: 0000000000000000000000000000000000000000000000000000000000000000
2026-10-03 11:08:59 0 [Note] InnoDB: 0000000000000000000000000000000000000000000000000000000000000000
2026-10-03 11:08:59 0 [Note] InnoDB: 0000000000000000000000000000000000000000000000000000000000000000
2026-10-03 11:08:59 0 [Note] InnoDB: 0000000000000000000000000000000000000000000000000000000000000000
2026-10-03 11:08:59 0 [Note] InnoDB: 0000000000000000000000000000000000000000000000000000000000000000
2026-10-03 11:08:59 0 [Note] InnoDB: 0000000000000000000000000000000000000000000000000000000000000000
2026-10-03 11:08:59 0 [Note] InnoDB: 0000000000000000000000000000000000000000000000000000000000000000
2026-10-03 11:08:59 0 [Note] InnoDB: 0000000000000000000000000000000000000000000000000000000000000000
2026-10-03 11:08:59 0 [Note] InnoDB: 0000000000000000000000000000000000000000000000000000000000000000
2026-10-03 11:08:59 0 [Note] InnoDB: 0000000000000000000000000000000000000000000000000000000000000000
2026-10-03 11:08:59 0 [Note] InnoDB: 0000000000000000000000000000000000000000000000000000000000000000
2026-10-03 11:08:59 0 [Note] InnoDB: 0000000000000000000000000000000000000000000000000000000000000000
2026-10-03 11:08:59 0 [Note] InnoDB: 0000000000000000000000000000000000000000000000000000000000000000
2026-10-03 11:08:59 0 [Note] InnoDB: 0000000000000000000000000000000000000000000000000000000000000000
2026-10-03 11:08:59 0 [Note] InnoDB: 0000000000000000000000000000000000000000000000000000000000000000
2026-10-03 11:08:59 0 [Note] InnoDB: 0000000000000000000000000000000000000000000000000000000000000000
2026-10-03 11:08:59 0 [Note] InnoDB: 0000000000000000000000000000000000000000000000000000000000000000
2026-10-03 11:08:59 0 [Note] InnoDB: 0000000000000000000000000000000000000000000000000000000000000000
2026-10-03 11:08:59 0 [Note] InnoDB: 0000000000000000000000000000000000000000000000000000000000000000
2026-10-03 11:08:59 0 [Note] InnoDB: 0000000000000000000000000000000000000000000000000000000000000000
2026-10-03 11:08:59 0 [Note] InnoDB: 0000000000000000000000000000000000000000000000000000000000000000
2026-10-03 11:08:59 0 [Note] InnoDB: 0000000000000000000000000000000000000000000000000000000000000000
2026-10-03 11:08:59 0 [Note] InnoDB: 0000000000000000000000000000000000000000000000000000000000000000
2026-10-03 11:08:59 0 [Note] InnoDB: 0000000000000000000000000000000000000000000000000000000000000000
2026-10-03 11:08:59 0 [Note] InnoDB: 0000000000000000000000000000000000000000000000000000000000000000
2026-10-03 11:08:59 0 [Note] InnoDB: 0000000000000000000000000000000000000000000000000000000000000000
2026-10-03 11:08:59 0 [Note] InnoDB: 0000000000000000000000000000000000000000000000000000000000000000
2026-10-03 11:08:59 0 [Note] InnoDB: 0000000000000000000000000000000000000000000000000000000000000000
2026-10-03 11:08:59 0 [Note] InnoDB: 0000000000000000000000000000000000000000000000000000000000000000
2026-10-03 11:08:59 0 [Note] InnoDB: 0000000000000000000000000000000000000000000000000000000000000000
2026-10-03 11:08:59 0 [Note] InnoDB: 0000000000000000000000000000000000000000000000000000000000000000
2026-10-03 11:08:59 0 [Note] InnoDB: 0000000000000000000000000000000000000000000000000000000000000000
2026-10-03 11:08:59 0 [Note] InnoDB: 0000000000000000000000000000000000000000000000000000000000000000
2026-10-03 11:08:59 0 [Note] InnoDB: 0000000000000000000000000000000000000000000000000000000000000000
2026-10-03 11:08:59 0 [Note] InnoDB: 0000000000000000000000000000000000000000000000000000000000000000
2026-10-03 11:08:59 0 [Note] InnoDB: 0000000000000000000000000000000000000000000000000000000000000000
2026-10-03 11:08:59 0 [Note] InnoDB: 0000000000000000000000000000000000000000000000000000000000000000
2026-10-03 11:08:59 0 [Note] InnoDB: 0000000000000000000000000000000000000000000000000000000000000000
2026-10-03 11:08:59 0 [Note] InnoDB: 0000000000000000000000000000000000000000000000000000000000000000
2026-10-03 11:08:59 0 [Note] InnoDB: 0000000000000000000000000000000000000000000000000000000000000000
2026-10-03 11:08:59 0 [Note] InnoDB: 0000000000000000000000000000000000000000000000000000000000000000
2026-10-03 11:08:59 0 [Note] InnoDB: 0000000000000000000000000000000000000000000000000000000000000000
2026-10-03 11:08:59 0 [Note] InnoDB: 0000000000000000000000000000000000000000000000000000000000000000
2026-10-03 11:08:59 0 [Note] InnoDB: 0000000000000000000000000000000000000000000000000000000000000000
2026-10-03 11:08:59 0 [Note] InnoDB: 0000000000000000000000000000000000000000000000000000000000000000
2026-10-03 11:08:59 0 [Note] InnoDB: 0000000000000000000000000000000000000000000000000000000000000000
2026-10-03 11:08:59 0 [Note] InnoDB: 0000000000000000000000000000000000000000000000000000000000000000
2026-10-03 11:08:59 0 [Note] InnoDB: 0000000000000000000000000000000000000000000000000000000000000000
2026-10-03 11:08:59 0 [Note] InnoDB: 0000000000000000000000000000000000000000000000000000000000000000
2026-10-03 11:08:59 0 [Note] InnoDB: 0000000000000000000000000000000000000000000000000000000000000000
2026-10-03 11:08:59 0 [Note] InnoDB: 0000000000000000000000000000000000000000000000000000000000000000
2026-10-03 11:08:59 0 [Note] InnoDB: 0000000000000000000000000000000000000000000000000000000000000000
2026-10-03 11:08:59 0 [Note] InnoDB: 0000000000000000000000000000000000000000000000000000000000000000
2026-10-03 11:08:59 0 [Note] InnoDB: 0000000000000000000000000000000000000000000000000000000000000000
2026-10-03 11:08:59 0 [Note] InnoDB: 0000000000000000000000000000000000000000000000000000000000000000
2026-10-03 11:08:59 0 [Note] InnoDB: 0000000000000000000000000000000000000000000000000000000000000000
2026-10-03 11:08:59 0 [Note] InnoDB: 0000000000000000000000000000000000000000000000000000000000000000
2026-10-03 11:08:59 0 [Note] InnoDB: 0000000000000000000000000000000000000000000000000000000000000000
2026-10-03 11:08:59 0 [Note] InnoDB: 0000000000000000000000000000000000000000000000000000000000000000
2026-10-03 11:08:59 0 [Note] InnoDB: 0000000000000000000000000000000000000000000000000000000000000000
2026-10-03 11:08:59 0 [Note] InnoDB: 0000000000000000000000000000000000000000000000000000000000000000
2026-10-03 11:08:59 0 [Note] InnoDB: 0000000000000000000000000000000000000000000000000000000000000000
2026-10-03 11:08:59 0 [Note] InnoDB: 0000000000000000000000000000000000000000000000000000000000000000
2026-10-03 11:08:59 0 [Note] InnoDB: 0000000000000000000000000000000000000000000000000000000000000000
2026-10-03 11:08:59 0 [Note] InnoDB: 0000000000000000000000000000000000000000000000000000000000000000
2026-10-03 11:08:59 0 [Note] InnoDB: 0000000000000000000000000000000000000000000000000000000000000000
2026-10-03 11:08:59 0 [Note] InnoDB: 0000000000000000000000000000000000000000000000000000000000000000
2026-10-03 11:08:59 0 [Note] InnoDB: 0000000000000000000000000000000000000000000000000000000000000000
2026-10-03 11:08:59 0 [Note] InnoDB: 0000000000000000000000000000000000000000000000000000000000000000
2026-10-03 11:08:59 0 [Note] InnoDB: 0000000000000000000000000000000000000000000000000000000000000000
2026-10-03 11:08:59 0 [Note] InnoDB: 0000000000000000000000000000000000000000000000000000000000000000
2026-10-03 11:08:59 0 [Note] InnoDB: 0000000000000000000000000000000000000000000000000000000000000000
2026-10-03 11:08:59 0 [Note] InnoDB: 0000000000000000000000000000000000000000000000000000000000000000
2026-10-03 11:08:59 0 [Note] InnoDB: 0000000000000000000000000000000000000000000000000000000000000000
2026-10-03 11:08:59 0 [Note] InnoDB: 0000000000000000000000000000000000000000000000000000000000000000
2026-10-03 11:08:59 0 [Note] InnoDB: 0000000000000000000000000000000000000000000000000000000000000000
2026-10-03 11:08:59 0 [Note] InnoDB: 0000000000000000000000000000000000000000000000000000000000000000
2026-10-03 11:08:59 0 [Note] InnoDB: 0000000000000000000000000000000000000000000000000000000000000000
2026-10-03 11:08:59 0 [Note] InnoDB: 0000000000000000000000000000000000000000000000000000000000000000
2026-10-03 11:08:59 0 [Note] InnoDB: 0000000000000000000000000000000000000000000000000000000000000000
2026-10-03 11:08:59 0 [Note] InnoDB: 0000000000000000000000000000000000000000000000000000000000000000
2026-10-03 11:08:59 0 [Note] InnoDB: 0000000000000000000000000000000000000000000000000000000000000000
2026-10-03 11:08:59 0 [Note] InnoDB: 0000000000000000000000000000000000000000000000000000000000000000
2026-10-03 11:08:59 0 [Note] InnoDB: 0000000000000000000000000000000000000000000000000000000000000000
2026-10-03 11:08:59 0 [Note] InnoDB: 0000000000000000000000000000000000000000000000000000000000000000
2026-10-03 11:08:59 0 [Note] InnoDB: 0000000000000000000000000000000000000000000000000000000000000000
2026-10-03 11:08:59 0 [Note] InnoDB: 0000000000000000000000000000000000000000000000000000000000000000
2026-10-03 11:08:59 0 [Note] InnoDB: 0000000000000000000000000000000000000000000000000000000000000000
2026-10-03 11:08:59 0 [Note] InnoDB: 0000000000000000000000000000000000000000000000000000000000000000
2026-10-03 11:08:59 0 [Note] InnoDB: 0000000000000000000000000000000000000000000000000000000000000000
2026-10-03 11:08:59 0 [Note] InnoDB: 0000000000000000000000000000000000000000000000000000000000000000
2026-10-03 11:08:59 0 [Note] InnoDB: 0000000000000000000000000000000000000000000000000000000000000000
2026-10-03 11:08:59 0 [Note] InnoDB: 0000000000000000000000000000000000000000000000000000000000000000
2026-10-03 11:08:59 0 [Note] InnoDB: 0000000000000000000000000000000000000000000000000000000000000000
2026-10-03 11:08:59 0 [Note] InnoDB: 0000000000000000000000000000000000000000000000000000000000000000
2026-10-03 11:08:59 0 [Note] InnoDB: 0000000000000000000000000000000000000000000000000000000000000000
2026-10-03 11:08:59 0 [Note] InnoDB: 0000000000000000000000000000000000000000000000000000000000000000
2026-10-03 11:08:59 0 [Note] InnoDB: 0000000000000000000000000000000000000000000000000000000000000000
2026-10-03 11:08:59 0 [Note] InnoDB: 0000000000000000000000000000000000000000000000000000000000000000
2026-10-03 11:08:59 0 [Note] InnoDB: 0000000000000000000000000000000000000000000000000000000000000000
2026-10-03 11:08:59 0 [Note] InnoDB: 0000000000000000000000000000000000000000000000000000000000000000
2026-10-03 11:08:59 0 [Note] InnoDB: 0000000000000000000000000000000000000000000000000000000000000000
2026-10-03 11:08:59 0 [Note] InnoDB: 0000000000000000000000000000000000000000000000000000000000000000
2026-10-03 11:08:59 0 [Note] InnoDB: 0000000000000000000000000000000000000000000000000000000000000000
2026-10-03 11:08:59 0 [Note] InnoDB: 0000000000000000000000000000000000000000000000000000000000000000
2026-10-03 11:08:59 0 [Note] InnoDB: 0000000000000000000000000000000000000000000000000000000000000000
2026-10-03 11:08:59 0 [Note] InnoDB: 0000000000000000000000000000000000000000000000000000000000000000
2026-10-03 11:08:59 0 [Note] InnoDB: 0000000000000000000000000000000000000000000000000000000000000000
2026-10-03 11:08:59 0 [Note] InnoDB: 0000000000000000000000000000000000000000000000000000000000000000
2026-10-03 11:08:59 0 [Note] InnoDB: 0000000000000000000000000000000000000000000000000000000000000000
2026-10-03 11:08:59 0 [Note] InnoDB: 0000000000000000000000000000000000000000000000000000000000000000
2026-10-03 11:08:59 0 [Note] InnoDB: 0000000000000000000000000000000000000000000000000000000000000000
2026-10-03 11:08:59 0 [Note] InnoDB: 0000000000000000000000000000000000000000000000000000000000000000
2026-10-03 11:08:59 0 [Note] InnoDB: 0000000000000000000000000000000000000000000000000000000000000000
2026-10-03 11:08:59 0 [Note] InnoDB: 0000000000000000000000000000000000000000000000000000000000000000
2026-10-03 11:08:59 0 [Note] InnoDB: 0000000000000000000000000000000000000000000000000000000000000000
2026-10-03 11:08:59 0 [Note] InnoDB: 0000000000000000000000000000000000000000000000000000000000000000
2026-10-03 11:08:59 0 [Note] InnoDB: 0000000000000000000000000000000000000000000000000000000000000000
2026-10-03 11:08:59 0 [Note] InnoDB: 0000000000000000000000000000000000000000000000000000000000000000
2026-10-03 11:08:59 0 [Note] InnoDB: 0000000000000000000000000000000000000000000000000000000000000000
2026-10-03 11:08:59 0 [Note] InnoDB: 0000000000000000000000000000000000000000000000000000000000000000
2026-10-03 11:08:59 0 [Note] InnoDB: 0000000000000000000000000000000000000000000000000000000000000000
2026-10-03 11:08:59 0 [Note] InnoDB: 0000000000000000000000000000000000000000000000000000000000000000
2026-10-03 11:08:59 0 [Note] InnoDB: 0000000000000000000000000000000000000000000000000000000000000000
2026-10-03 11:08:59 0 [Note] InnoDB: 0000000000000000000000000000000000000000000000000000000000000000
2026-10-03 11:08:59 0 [Note] InnoDB: 0000000000000000000000000000000000000000000000000000000000000000
2026-10-03 11:08:59 0 [Note] InnoDB: 0000000000000000000000000000000000000000000000000000000000000000
2026-10-03 11:08:59 0 [Note] InnoDB: 0000000000000000000000000000000000000000000000000000000000000000
2026-10-03 11:08:59 0 [Note] InnoDB: 0000000000000000000000000000000000000000000000000000000000000000
2026-10-03 11:08:59 0 [Note] InnoDB: 0000000000000000000000000000000000000000000000000000000000000000
2026-10-03 11:08:59 0 [Note] InnoDB: 0000000000000000000000000000000000000000000000000000000000000000
2026-10-03 11:08:59 0 [Note] InnoDB: 0000000000000000000000000000000000000000000000000000000000000000
2026-10-03 11:08:59 0 [Note] InnoDB: 0000000000000000000000000000000000000000000000000000000000000000
2026-10-03 11:08:59 0 [Note] InnoDB: 0000000000000000000000000000000000000000000000000000000000000000
2026-10-03 11:08:59 0 [Note] InnoDB: 0000000000000000000000000000000000000000000000000000000000000000
2026-10-03 11:08:59 0 [Note] InnoDB: 0000000000000000000000000000000000000000000000000000000000000000
2026-10-03 11:08:59 0 [Note] InnoDB: 0000000000000000000000000000000000000000000000000000000000000000
2026-10-03 11:08:59 0 [Note] InnoDB: 0000000000000000000000000000000000000000000000000000000000000000
2026-10-03 11:08:59 0 [Note] InnoDB: 0000000000000000000000000000000000000000000000000000000000000000
2026-10-03 11:08:59 0 [Note] InnoDB: 0000000000000000000000000000000000000000000000000000000000000000
2026-10-03 11:08:59 0 [Note] InnoDB: 0000000000000000000000000000000000000000000000000000000000000000
2026-10-03 11:08:59 0 [Note] InnoDB: 0000000000000000000000000000000000000000000000000000000000000000
2026-10-03 11:08:59 0 [Note] InnoDB: 0000000000000000000000000000000000000000000000000000000000000000
2026-10-03 11:08:59 0 [Note] InnoDB: 0000000000000000000000000000000000000000000000000000000000000000
2026-10-03 11:08:59 0 [Note] InnoDB: 0000000000000000000000000000000000000000000000000000000000000000
2026-10-03 11:08:59 0 [Note] InnoDB: 0000000000000000000000000000000000000000000000000000000000000000
2026-10-03 11:08:59 0 [Note] InnoDB: 0000000000000000000000000000000000000000000000000000000000000000
2026-10-03 11:08:59 0 [Note] InnoDB: 0000000000000000000000000000000000000000000000000000000000000000
2026-10-03 11:08:59 0 [Note] InnoDB: 0000000000000000000000000000000000000000000000000000000000000000
2026-10-03 11:08:59 0 [Note] InnoDB: 0000000000000000000000000000000000000000000000000000000000000000
2026-10-03 11:08:59 0 [Note] InnoDB: 0000000000000000000000000000000000000000000000000000000000000000
2026-10-03 11:08:59 0 [Note] InnoDB: 0000000000000000000000000000000000000000000000000000000000000000
2026-10-03 11:08:59 0 [Note] InnoDB: 0000000000000000000000000000000000000000000000000000000000000000
2026-10-03 11:08:59 0 [Note] InnoDB: 0000000000000000000000000000000000000000000000000000000000000000
2026-10-03 11:08:59 0 [Note] InnoDB: 0000000000000000000000000000000000000000000000000000000000000000
2026-10-03 11:08:59 0 [Note] InnoDB: 0000000000000000000000000000000000000000000000000000000000000000
2026-10-03 11:08:59 0 [Note] InnoDB: 0000000000000000000000000000000000000000000000000000000000000000
2026-10-03 11:08:59 0 [Note] InnoDB: 0000000000000000000000000000000000000000000000000000000000000000
2026-10-03 11:08:59 0 [Note] InnoDB: 0000000000000000000000000000000000000000000000000000000000000000
2026-10-03 11:08:59 0 [Note] InnoDB: 0000000000000000000000000000000000000000000000000000000000000000
2026-10-03 11:08:59 0 [Note] InnoDB: 0000000000000000000000000000000000000000000000000000000000000000
2026-10-03 11:08:59 0 [Note] InnoDB: 0000000000000000000000000000000000000000000000000000000000000000
2026-10-03 11:08:59 0 [Note] InnoDB: 0000000000000000000000000000000000000000000000000000000000000000
2026-10-03 11:08:59 0 [Note] InnoDB: 0000000000000000000000000000000000000000000000000000000000000000
2026-10-03 11:08:59 0 [Note] InnoDB: 0000000000000000000000000000000000000000000000000000000000000000
2026-10-03 11:08:59 0 [Note] InnoDB: 0000000000000000000000000000000000000000000000000000000000000000
2026-10-03 11:08:59 0 [Note] InnoDB: 0000000000000000000000000000000000000000000000000000000000000000
2026-10-03 11:08:59 0 [Note] InnoDB: 0000000000000000000000000000000000000000000000000000000000000000
2026-10-03 11:08:59 0 [Note] InnoDB: 0000000000000000000000000000000000000000000000000000000000000000
2026-10-03 11:08:59 0 [Note] InnoDB: 0000000000000000000000000000000000000000000000000000000000000000
2026-10-03 11:08:59 0 [Note] InnoDB: 0000000000000000000000000000000000000000000000000000000000000000
2026-10-03 11:08:59 0 [Note] InnoDB: 0000000000000000000000000000000000000000000000000000000000000000
2026-10-03 11:08:59 0 [Note] InnoDB: 0000000000000000000000000000000000000000000000000000000000000000
2026-10-03 11:08:59 0 [Note] InnoDB: 0000000000000000000000000000000000000000000000000000000000000000
2026-10-03 11:08:59 0 [Note] InnoDB: 0000000000000000000000000000000000000000000000000000000000000000
2026-10-03 11:08:59 0 [Note] InnoDB: 0000000000000000000000000000000000000000000000000000000000000000
2026-10-03 11:08:59 0 [Note] InnoDB: 0000000000000000000000000000000000000000000000000000000000000000
2026-10-03 11:08:59 0 [Note] InnoDB: 0000000000000000000000000000000000000000000000000000000000000000
2026-10-03 11:08:59 0 [Note] InnoDB: 0000000000000000000000000000000000000000000000000000000000000000
2026-10-03 11:08:59 0 [Note] InnoDB: 0000000000000000000000000000000000000000000000000000000000000000
2026-10-03 11:08:59 0 [Note] InnoDB: 0000000000000000000000000000000000000000000000000000000000000000
2026-10-03 11:08:59 0 [Note] InnoDB: 0000000000000000000000000000000000000000000000000000000000000000
2026-10-03 11:08:59 0 [Note] InnoDB: 0000000000000000000000000000000000000000000000000000000000000000
2026-10-03 11:08:59 0 [Note] InnoDB: 0000000000000000000000000000000000000000000000000000000000000000
2026-10-03 11:08:59 0 [Note] InnoDB: 0000000000000000000000000000000000000000000000000000000000000000
2026-10-03 11:08:59 0 [Note] InnoDB: 0000000000000000000000000000000000000000000000000000000000000000
2026-10-03 11:08:59 0 [Note] InnoDB: 0000000000000000000000000000000000000000000000000000000000000000
2026-10-03 11:08:59 0 [Note] InnoDB: 0000000000000000000000000000000000000000000000000000000000000000
2026-10-03 11:08:59 0 [Note] InnoDB: 0000000000000000000000000000000000000000000000000000000000000000
2026-10-03 11:08:59 0 [Note] InnoDB: 0000000000000000000000000000000000000000000000000000000000000000
2026-10-03 11:08:59 0 [Note] InnoDB: 0000000000000000000000000000000000000000000000000000000000000000
2026-10-03 11:08:59 0 [Note] InnoDB: 0000000000000000000000000000000000000000000000000000000000000000
2026-10-03 11:08:59 0 [Note] InnoDB: 0000000000000000000000000000000000000000000000000000000000000000
2026-10-03 11:08:59 0 [Note] InnoDB: 0000000000000000000000000000000000000000000000000000000000000000
2026-10-03 11:08:59 0 [Note] InnoDB: 0000000000000000000000000000000000000000000000000000000000000000
2026-10-03 11:08:59 0 [Note] InnoDB: 0000000000000000000000000000000000000000000000000000000000000000
2026-10-03 11:08:59 0 [Note] InnoDB: 0000000000000000000000000000000000000000000000000000000000000000
2026-10-03 11:08:59 0 [Note] InnoDB: 0000000000000000000000000000000000000000000000000000000000000000
2026-10-03 11:08:59 0 [Note] InnoDB: 0000000000000000000000000000000000000000000000000000000000000000
2026-10-03 11:08:59 0 [Note] InnoDB: 0000000000000000000000000000000000000000000000000000000000000000
2026-10-03 11:08:59 0 [Note] InnoDB: 0000000000000000000000000000000000000000000000000000000000000000
2026-10-03 11:08:59 0 [Note] InnoDB: 0000000000000000000000000000000000000000000000000000000000000000
2026-10-03 11:08:59 0 [Note] InnoDB: 0000000000000000000000000000000000000000000000000000000000000000
2026-10-03 11:08:59 0 [Note] InnoDB: 0000000000000000000000000000000000000000000000000000000000000000
2026-10-03 11:08:59 0 [Note] InnoDB: 0000000000000000000000000000000000000000000000000000000000000000
2026-10-03 11:08:59 0 [Note] InnoDB: 0000000000000000000000000000000000000000000000000000000000000000
2026-10-03 11:08:59 0 [Note] InnoDB: 0000000000000000000000000000000000000000000000000000000000000000
2026-10-03 11:08:59 0 [Note] InnoDB: 0000000000000000000000000000000000000000000000000000000000000000
2026-10-03 11:08:59 0 [Note] InnoDB: 0000000000000000000000000000000000000000000000000000000000000000
2026-10-03 11:08:59 0 [Note] InnoDB: 0000000000000000000000000000000000000000000000000000000000000000
2026-10-03 11:08:59 0 [Note] InnoDB: 0000000000000000000000000000000000000000000000000000000000000000
2026-10-03 11:08:59 0 [Note] InnoDB: 0000000000000000000000000000000000000000000000000000000000000000
2026-10-03 11:08:59 0 [Note] InnoDB: 0000000000000000000000000000000000000000000000000000000000000000
2026-10-03 11:08:59 0 [Note] InnoDB: 0000000000000000000000000000000000000000000000000000000000000000
2026-10-03 11:08:59 0 [Note] InnoDB: 0000000000000000000000000000000000000000000000000000000000000000
2026-10-03 11:08:59 0 [Note] InnoDB: 0000000000000000000000000000000000000000000000000000000000000000
2026-10-03 11:08:59 0 [Note] InnoDB: 0000000000000000000000000000000000000000000000000000000000000000
2026-10-03 11:08:59 0 [Note] InnoDB: 0000000000000000000000000000000000000000000000000000000000000000
2026-10-03 11:08:59 0 [Note] InnoDB: 0000000000000000000000000000000000000000000000000000000000000000
2026-10-03 11:08:59 0 [Note] InnoDB: 0000000000000000000000000000000000000000000000000000000000000000
2026-10-03 11:08:59 0 [Note] InnoDB: 0000000000000000000000000000000000000000000000000000000000000000
2026-10-03 11:08:59 0 [Note] InnoDB: 0000000000000000000000000000000000000000000000000000000000000000
2026-10-03 11:08:59 0 [Note] InnoDB: 0000000000000000000000000000000000000000000000000000000000000000
2026-10-03 11:08:59 0 [Note] InnoDB: 0000000000000000000000000000000000000000000000000000000000000000
2026-10-03 11:08:59 0 [Note] InnoDB: 0000000000000000000000000000000000000000000000000000000000000000
2026-10-03 11:08:59 0 [Note] InnoDB: 0000000000000000000000000000000000000000000000000000000000000000
2026-10-03 11:08:59 0 [Note] InnoDB: 0000000000000000000000000000000000000000000000000000000000000000
2026-10-03 11:08:59 0 [Note] InnoDB: 0000000000000000000000000000000000000000000000000000000000000000
2026-10-03 11:08:59 0 [Note] InnoDB: 0000000000000000000000000000000000000000000000000000000000000000
2026-10-03 11:08:59 0 [Note] InnoDB: 0000000000000000000000000000000000000000000000000000000000000000
2026-10-03 11:08:59 0 [Note] InnoDB: 0000000000000000000000000000000000000000000000000000000000000000
2026-10-03 11:08:59 0 [Note] InnoDB: 0000000000000000000000000000000000000000000000000000000000000000
2026-10-03 11:08:59 0 [Note] InnoDB: 0000000000000000000000000000000000000000000000000000000000000000
2026-10-03 11:08:59 0 [Note] InnoDB: 0000000000000000000000000000000000000000000000000000000000000000
2026-10-03 11:08:59 0 [Note] InnoDB: 0000000000000000000000000000000000000000000000000000000000000000
2026-10-03 11:08:59 0 [Note] InnoDB: 0000000000000000000000000000000000000000000000000000000000000000
2026-10-03 11:08:59 0 [Note] InnoDB: 0000000000000000000000000000000000000000000000000000000000000000
2026-10-03 11:08:59 0 [Note] InnoDB: 0000000000000000000000000000000000000000000000000000000000000000
2026-10-03 11:08:59 0 [Note] InnoDB: 0000000000000000000000000000000000000000000000000000000000000000
2026-10-03 11:08:59 0 [Note] InnoDB: 0000000000000000000000000000000000000000000000000000000000000000
2026-10-03 11:08:59 0 [Note] InnoDB: 0000000000000000000000000000000000000000000000000000000000000000
2026-10-03 11:08:59 0 [Note] InnoDB: 0000000000000000000000000000000000000000000000000000000000000000
2026-10-03 11:08:59 0 [Note] InnoDB: 0000000000000000000000000000000000000000000000000000000000000000
2026-10-03 11:08:59 0 [Note] InnoDB: 0000000000000000000000000000000000000000000000000000000000000000
2026-10-03 11:08:59 0 [Note] InnoDB: 0000000000000000000000000000000000000000000000000000000000000000
2026-10-03 11:08:59 0 [Note] InnoDB: 0000000000000000000000000000000000000000000000000000000000000000
2026-10-03 11:08:59 0 [Note] InnoDB: 0000000000000000000000000000000000000000000000000000000000000000
2026-10-03 11:08:59 0 [Note] InnoDB: 0000000000000000000000000000000000000000000000000000000000000000
2026-10-03 11:08:59 0 [Note] InnoDB: 0000000000000000000000000000000000000000000000000000000000000000
2026-10-03 11:08:59 0 [Note] InnoDB: 0000000000000000000000000000000000000000000000000000000000000000
2026-10-03 11:08:59 0 [Note] InnoDB: 0000000000000000000000000000000000000000000000000000000000000000
2026-10-03 11:08:59 0 [Note] InnoDB: 0000000000000000000000000000000000000000000000000000000000000000
2026-10-03 11:08:59 0 [Note] InnoDB: 0000000000000000000000000000000000000000000000000000000000000000
2026-10-03 11:08:59 0 [Note] InnoDB: 0000000000000000000000000000000000000000000000000000000000000000
2026-10-03 11:08:59 0 [Note] InnoDB: 0000000000000000000000000000000000000000000000000000000000000000
2026-10-03 11:08:59 0 [Note] InnoDB: 0000000000000000000000000000000000000000000000000000000000000000
2026-10-03 11:08:59 0 [Note] InnoDB: 0000000000000000000000000000000000000000000000000000000000000000
2026-10-03 11:08:59 0 [Note] InnoDB: 0000000000000000000000000000000000000000000000000000000000000000
2026-10-03 11:08:59 0 [Note] InnoDB: 0000000000000000000000000000000000000000000000000000000000000000
2026-10-03 11:08:59 0 [Note] InnoDB: 0000000000000000000000000000000000000000000000000000000000000000
2026-10-03 11:08:59 0 [Note] InnoDB: 0000000000000000000000000000000000000000000000000000000000000000
2026-10-03 11:08:59 0 [Note] InnoDB: 0000000000000000000000000000000000000000000000000000000000000000
2026-10-03 11:08:59 0 [Note] InnoDB: 0000000000000000000000000000000000000000000000000000000000000000
2026-10-03 11:08:59 0 [Note] InnoDB: 0000000000000000000000000000000000000000000000000000000000000000
2026-10-03 11:08:59 0 [Note] InnoDB: 0000000000000000000000000000000000000000000000000000000000000000
2026-10-03 11:08:59 0 [Note] InnoDB: 0000000000000000000000000000000000000000000000000000000000000000
2026-10-03 11:08:59 0 [Note] InnoDB: 0000000000000000000000000000000000000000000000000000000000000000
2026-10-03 11:08:59 0 [Note] InnoDB: 0000000000000000000000000000000000000000000000000000000000000000
2026-10-03 11:08:59 0 [Note] InnoDB: 0000000000000000000000000000000000000000000000000000000000000000
2026-10-03 11:08:59 0 [Note] InnoDB: 0000000000000000000000000000000000000000000000000000000000000000
2026-10-03 11:08:59 0 [Note] InnoDB: 0000000000000000000000000000000000000000000000000000000000000000
2026-10-03 11:08:59 0 [Note] InnoDB: 0000000000000000000000000000000000000000000000000000000000000000
2026-10-03 11:08:59 0 [Note] InnoDB: 0000000000000000000000000000000000000000000000000000000000000000
2026-10-03 11:08:59 0 [Note] InnoDB: 0000000000000000000000000000000000000000000000000000000000000000
2026-10-03 11:08:59 0 [Note] InnoDB: 0000000000000000000000000000000000000000000000000000000000000000
2026-10-03 11:08:59 0 [Note] InnoDB: 0000000000000000000000000000000000000000000000000000000000000000
2026-10-03 11:08:59 0 [Note] InnoDB: 0000000000000000000000000000000000000000000000000000000000000000
2026-10-03 11:08:59 0 [Note] InnoDB: 0000000000000000000000000000000000000000000000000000000000000000
2026-10-03 11:08:59 0 [Note] InnoDB: 0000000000000000000000000000000000000000000000000000000000000000
2026-10-03 11:08:59 0 [Note] InnoDB: 0000000000000000000000000000000000000000000000000000000000000000
2026-10-03 11:08:59 0 [Note] InnoDB: 0000000000000000000000000000000000000000000000000000000000000000
2026-10-03 11:08:59 0 [Note] InnoDB: 0000000000000000000000000000000000000000000000000000000000000000
2026-10-03 11:08:59 0 [Note] InnoDB: 0000000000000000000000000000000000000000000000000000000000000000
2026-10-03 11:08:59 0 [Note] InnoDB: 0000000000000000000000000000000000000000000000000000000000000000
2026-10-03 11:08:59 0 [Note] InnoDB: 0000000000000000000000000000000000000000000000000000000000000000
2026-10-03 11:08:59 0 [Note] InnoDB: 0000000000000000000000000000000000000000000000000000000000000000
2026-10-03 11:08:59 0 [Note] InnoDB: 0000000000000000000000000000000000000000000000000000000000000000
2026-10-03 11:08:59 0 [Note] InnoDB: 0000000000000000000000000000000000000000000000000000000000000000
2026-10-03 11:08:59 0 [Note] InnoDB: 0000000000000000000000000000000000000000000000000000000000000000
2026-10-03 11:08:59 0 [Note] InnoDB: 0000000000000000000000000000000000000000000000000000000000000000
2026-10-03 11:08:59 0 [Note] InnoDB: 0000000000000000000000000000000000000000000000000000000000000000
2026-10-03 11:08:59 0 [Note] InnoDB: 0000000000000000000000000000000000000000000000000000000000000000
2026-10-03 11:08:59 0 [Note] InnoDB: 0000000000000000000000000000000000000000000000000000000000000000
2026-10-03 11:08:59 0 [Note] InnoDB: 0000000000000000000000000000000000000000000000000000000000000000
2026-10-03 11:08:59 0 [Note] InnoDB: 0000000000000000000000000000000000000000000000000000000000000000
2026-10-03 11:08:59 0 [Note] InnoDB: 0000000000000000000000000000000000000000000000000000000000000000
2026-10-03 11:08:59 0 [Note] InnoDB: 0000000000000000000000000000000000000000000000000000000000000000
2026-10-03 11:08:59 0 [Note] InnoDB: 0000000000000000000000000000000000000000000000000000000000000000
2026-10-03 11:08:59 0 [Note] InnoDB: 0000000000000000000000000000000000000000000000000000000000000000
2026-10-03 11:08:59 0 [Note] InnoDB: 0000000000000000000000000000000000000000000000000000000000000000
2026-10-03 11:08:59 0 [Note] InnoDB: 0000000000000000000000000000000000000000000000000000000000000000
2026-10-03 11:08:59 0 [Note] InnoDB: 0000000000000000000000000000000000000000000000000000000000000000
2026-10-03 11:08:59 0 [Note] InnoDB: 0000000000000000000000000000000000000000000000000000000000000000
2026-10-03 11:08:59 0 [Note] InnoDB: 0000000000000000000000000000000000000000000000000000000000000000
2026-10-03 11:08:59 0 [Note] InnoDB: 0000000000000000000000000000000000000000000000000000000000000000
2026-10-03 11:08:59 0 [Note] InnoDB: 0000000000000000000000000000000000000000000000000000000000000000
2026-10-03 11:08:59 0 [Note] InnoDB: 0000000000000000000000000000000000000000000000000000000000000000
2026-10-03 11:08:59 0 [Note] InnoDB: 0000000000000000000000000000000000000000000000000000000000000000
2026-10-03 11:08:59 0 [Note] InnoDB: 0000000000000000000000000000000000000000000000000000000000000000
2026-10-03 11:08:59 0 [Note] InnoDB: 0000000000000000000000000000000000000000000000000000000000000000
2026-10-03 11:08:59 0 [Note] InnoDB: 0000000000000000000000000000000000000000000000000000000000000000
2026-10-03 11:08:59 0 [Note] InnoDB: 0000000000000000000000000000000000000000000000000000000000000000
2026-10-03 11:08:59 0 [Note] InnoDB: 0000000000000000000000000000000000000000000000000000000000000000
2026-10-03 11:08:59 0 [Note] InnoDB: 0000000000000000000000000000000000000000000000000000000000000000
2026-10-03 11:08:59 0 [Note] InnoDB: 0000000000000000000000000000000000000000000000000000000000000000
2026-10-03 11:08:59 0 [Note] InnoDB: 0000000000000000000000000000000000000000000000000000000000000000
2026-10-03 11:08:59 0 [Note] InnoDB: 0000000000000000000000000000000000000000000000000000000000000000
2026-10-03 11:08:59 0 [Note] InnoDB: 0000000000000000000000000000000000000000000000000000000000000000
2026-10-03 11:08:59 0 [Note] InnoDB: 0000000000000000000000000000000000000000000000000000000000000000
2026-10-03 11:08:59 0 [Note] InnoDB: 0000000000000000000000000000000000000000000000000000000000000000
2026-10-03 11:08:59 0 [Note] InnoDB: 0000000000000000000000000000000000000000000000000000000000000000
2026-10-03 11:08:59 0 [Note] InnoDB: 0000000000000000000000000000000000000000000000000000000000000000
2026-10-03 11:08:59 0 [Note] InnoDB: 0000000000000000000000000000000000000000000000000000000000000000
2026-10-03 11:08:59 0 [Note] InnoDB: 0000000000000000000000000000000000000000000000000000000000000000
2026-10-03 11:08:59 0 [Note] InnoDB: 0000000000000000000000000000000000000000000000000000000000000000
2026-10-03 11:08:59 0 [Note] InnoDB: 0000000000000000000000000000000000000000000000000000000000000000
2026-10-03 11:08:59 0 [Note] InnoDB: 0000000000000000000000000000000000000000000000000000000000000000
2026-10-03 11:08:59 0 [Note] InnoDB: 0000000000000000000000000000000000000000000000000000000000000000
2026-10-03 11:08:59 0 [Note] InnoDB: 0000000000000000000000000000000000000000000000000000000000000000
2026-10-03 11:08:59 0 [Note] InnoDB: 0000000000000000000000000000000000000000000000000000000000000000
2026-10-03 11:08:59 0 [Note] InnoDB: 0000000000000000000000000000000000000000000000000000000000000000
2026-10-03 11:08:59 0 [Note] InnoDB: 0000000000000000000000000000000000000000000000000000000000000000
2026-10-03 11:08:59 0 [Note] InnoDB: 0000000000000000000000000000000000000000000000000000000000000000
2026-10-03 11:08:59 0 [Note] InnoDB: 0000000000000000000000000000000000000000000000000000000000000000
2026-10-03 11:08:59 0 [Note] InnoDB: 0000000000000000000000000000000000000000000000000000000000000000
2026-10-03 11:08:59 0 [Note] InnoDB: 0000000000000000000000000000000000000000000000000000000000000000
2026-10-03 11:08:59 0 [Note] InnoDB: 0000000000000000000000000000000000000000000000000000000000000000
2026-10-03 11:08:59 0 [Note] InnoDB: 0000000000000000000000000000000000000000000000000000000000000000
2026-10-03 11:08:59 0 [Note] InnoDB: 0000000000000000000000000000000000000000000000000000000000000000
2026-10-03 11:08:59 0 [Note] InnoDB: 0000000000000000000000000000000000000000000000000000000000000000
2026-10-03 11:08:59 0 [Note] InnoDB: 0000000000000000000000000000000000000000000000000000000000000000
2026-10-03 11:08:59 0 [Note] InnoDB: 0000000000000000000000000000000000000000000000000000000000000000
2026-10-03 11:08:59 0 [Note] InnoDB: 0000000000000000000000000000000000000000000000000000000000000000
2026-10-03 11:08:59 0 [Note] InnoDB: 0000000000000000000000000000000000000000000000000000000000000000
2026-10-03 11:08:59 0 [Note] InnoDB: 0000000000000000000000000000000000000000000000000000000000000000
2026-10-03 11:08:59 0 [Note] InnoDB: 0000000000000000000000000000000000000000000000000000000000000000
2026-10-03 11:08:59 0 [Note] InnoDB: 0000000000000000000000000000000000000000000000000000000000000000
2026-10-03 11:08:59 0 [Note] InnoDB: 0000000000000000000000000000000000000000000000000000000000000000
2026-10-03 11:08:59 0 [Note] InnoDB: 0000000000000000000000000000000000000000000000000000000000000000
2026-10-03 11:08:59 0 [Note] InnoDB: 0000000000000000000000000000000000000000000000000000000000000000
2026-10-03 11:08:59 0 [Note] InnoDB: 0000000000000000000000000000000000000000000000000000000000000000
2026-10-03 11:08:59 0 [Note] InnoDB: 0000000000000000000000000000000000000000000000000000000000000000
2026-10-03 11:08:59 0 [Note] InnoDB: 0000000000000000000000000000000000000000000000000000000000000000
2026-10-03 11:08:59 0 [Note] InnoDB: 0000000000000000000000000000000000000000000000000000000000000000
2026-10-03 11:08:59 0 [Note] InnoDB: 0000000000000000000000000000000000000000000000000000000000000000
2026-10-03 11:08:59 0 [Note] InnoDB: 0000000000000000000000000000000000000000000000000000000000000000
2026-10-03 11:08:59 0 [Note] InnoDB: 0000000000000000000000000000000000000000000000000000000000000000
2026-10-03 11:08:59 0 [Note] InnoDB: 0000000000000000000000000000000000000000000000000000000000000000
2026-10-03 11:08:59 0 [Note] InnoDB: 0000000000000000000000000000000000000000000000000000000000000000
2026-10-03 11:08:59 0 [Note] InnoDB: 0000000000000000000000000000000000000000000000000000000000000000
2026-10-03 11:08:59 0 [Note] InnoDB: 0000000000000000000000000000000000000000000000000000000000000000
2026-10-03 11:08:59 0 [Note] InnoDB: 0000000000000000000000000000000000000000000000000000000000000000
2026-10-03 11:08:59 0 [Note] InnoDB: 0000000000000000000000000000000000000000000000000000000000000000
2026-10-03 11:08:59 0 [Note] InnoDB: 0000000000000000000000000000000000000000000000000000000000000000
2026-10-03 11:08:59 0 [Note] InnoDB: 0000000000000000000000000000000000000000000000000000000000000000
2026-10-03 11:08:59 0 [Note] InnoDB: 0000000000000000000000000000000000000000000000000000000000000000
2026-10-03 11:08:59 0 [Note] InnoDB: 0000000000000000000000000000000000000000000000000000000000000000
2026-10-03 11:08:59 0 [Note] InnoDB: 0000000000000000000000000000000000000000000000000000000000000000
2026-10-03 11:08:59 0 [Note] InnoDB: 0000000000000000000000000000000000000000000000000000000000000000
2026-10-03 11:08:59 0 [Note] InnoDB: 0000000000000000000000000000000000000000000000000000000000000000
2026-10-03 11:08:59 0 [Note] InnoDB: 0000000000000000000000000000000000000000000000000000000000000000
2026-10-03 11:08:59 0 [Note] InnoDB: 0000000000000000000000000000000000000000000000000000000000000000
2026-10-03 11:08:59 0 [Note] InnoDB: 0000000000000000000000000000000000000000000000000000000000000000
2026-10-03 11:08:59 0 [Note] InnoDB: 0000000000000000000000000000000000000000000000000000000000000000
2026-10-03 11:08:59 0 [Note] InnoDB: 0000000000000000000000000000000000000000000000000000000000000000
2026-10-03 11:08:59 0 [Note] InnoDB: 0000000000000000000000000000000000000000000000000000000000000000
2026-10-03 11:08:59 0 [Note] InnoDB: 0000000000000000000000000000000000000000000000000000000000000000
2026-10-03 11:08:59 0 [Note] InnoDB: 0000000000000000000000000000000000000000000000000000000000000000
2026-10-03 11:08:59 0 [Note] InnoDB: 0000000000000000000000000000000000000000000000000000000000000000
2026-10-03 11:08:59 0 [Note] InnoDB: 0000000000000000000000000000000000000000000000000000000000000000
2026-10-03 11:08:59 0 [Note] InnoDB: 0000000000000000000000000000000000000000000000000000000000000000
2026-10-03 11:08:59 0 [Note] InnoDB: 0000000000000000000000000000000000000000000000000000000000000000
2026-10-03 11:08:59 0 [Note] InnoDB: 0000000000000000000000000000000000000000000000000000000000000000
2026-10-03 11:08:59 0 [Note] InnoDB: 0000000000000000000000000000000000000000000000000000000000000000
2026-10-03 11:08:59 0 [Note] InnoDB: 0000000000000000000000000000000000000000000000000000000000000000
2026-10-03 11:08:59 0 [Note] InnoDB: 0000000000000000000000000000000000000000000000000000000000000000
2026-10-03 11:08:59 0 [Note] InnoDB: 0000000000000000000000000000000000000000000000000000000000000000
2026-10-03 11:08:59 0 [Note] InnoDB: 0000000000000000000000000000000000000000000000000000000000000000
2026-10-03 11:08:59 0 [Note] InnoDB: 0000000000000000000000000000000000000000000000000000000000000000
2026-10-03 11:08:59 0 [Note] InnoDB: 0000000000000000000000000000000000000000000000000000000000000000
2026-10-03 11:08:59 0 [Note] InnoDB: 0000000000000000000000000000000000000000000000000000000000000000
2026-10-03 11:08:59 0 [Note] InnoDB: 0000000000000000000000000000000000000000000000000000000000000000
2026-10-03 11:08:59 0 [Note] InnoDB: 0000000000000000000000000000000000000000000000000000000000000000
2026-10-03 11:08:59 0 [Note] InnoDB: 0000000000000000000000000000000000000000000000000000000000000000
2026-10-03 11:08:59 0 [Note] InnoDB: 0000000000000000000000000000000000000000000000000000000000000000
2026-10-03 11:08:59 0 [Note] InnoDB: 0000000000000000000000000000000000000000000000000000000000000000
2026-10-03 11:08:59 0 [Note] InnoDB: 0000000000000000000000000000000000000000000000000000000000000000
2026-10-03 11:08:59 0 [Note] InnoDB: 0000000000000000000000000000000000000000000000000000000000000000
2026-10-03 11:08:59 0 [Note] InnoDB: 000000000000000000000000000000000000000000000000ecefa36b000203bc
2026-10-03 11:08:59 0 [Note] InnoDB: End of page dump
2026-10-03 11:08:59 0 [Note] InnoDB: It is also possible that your operating system has corrupted its own file cache and rebooting your computer removes the error. If the corrupt page is an index page. You can also try to fix the corruption by dumping, dropping, and reimporting the corrupt table. You can use CHECK TABLE to scan your table for corruption. Please refer to https://mariadb.com/kb/en/library/innodb-recovery-modes/ for information about forcing recovery.
2026-10-03 11:08:59 0 [ERROR] InnoDB: Background Page read failed to read or decrypt [page id: space=3, page number=0]
2026-10-03 11:08:59 0 [Note] InnoDB: Buffer pool(s) load completed at 261003 11:08:59
2026-10-03 11:24:29 8 [Warning] Aborted connection 8 to db: 'siga' user: 'root' host: '' (Got an error reading communication packets)
2026-10-03 11:24:29 12 [Warning] Aborted connection 12 to db: 'siga' user: 'root' host: '' (Got an error reading communication packets)
2026-10-03 11:24:29 11 [Warning] Aborted connection 11 to db: 'siga' user: 'root' host: '' (Got an error reading communication packets)
2026-10-03 11:24:29 10 [Warning] Aborted connection 10 to db: 'siga' user: 'root' host: '' (Got an error reading communication packets)
2026-10-03 11:24:29 15 [Warning] Aborted connection 15 to db: 'siga' user: 'root' host: '' (Got an error reading communication packets)
2026-10-03 11:35:55 18 [Warning] Aborted connection 18 to db: 'siga' user: 'root' host: '' (Got an error reading communication packets)
2026-10-03 11:35:55 17 [Warning] Aborted connection 17 to db: 'siga' user: 'root' host: '' (Got an error reading communication packets)
2026-10-03 11:35:55 21 [Warning] Aborted connection 21 to db: 'siga' user: 'root' host: '' (Got an error reading communication packets)
2026-10-03 11:35:55 20 [Warning] Aborted connection 20 to db: 'siga' user: 'root' host: '' (Got an error reading communication packets)
2026-10-03 11:35:55 16 [Warning] Aborted connection 16 to db: 'siga' user: 'root' host: '' (Got an error reading communication packets)
